// Jest Snapshot v1, https://goo.gl/fbAQLP

exports[`GroupList Snapshot Tests matches snapshot while loading 1`] = `
<DocumentFragment>
  <div
    aria-label="Carregando grupos"
    class="flex justify-center items-center h-64"
    role="status"
  >
    <div
      aria-label="loading"
      class="inline-block animate-spin rounded-full border-2 border-current border-t-transparent h-8 w-8"
      role="status"
    >
      <span
        class="sr-only"
      >
        Carregando...
      </span>
    </div>
  </div>
</DocumentFragment>
`;

exports[`GroupList Snapshot Tests matches snapshot with empty groups 1`] = `
<DocumentFragment>
  <div
    aria-label="Carregando grupos"
    class="flex justify-center items-center h-64"
    role="status"
  >
    <div
      aria-label="loading"
      class="inline-block animate-spin rounded-full border-2 border-current border-t-transparent h-8 w-8"
      role="status"
    >
      <span
        class="sr-only"
      >
        Carregando...
      </span>
    </div>
  </div>
</DocumentFragment>
`;

exports[`GroupList Snapshot Tests matches snapshot with error 1`] = `
<DocumentFragment>
  <div
    aria-label="Carregando grupos"
    class="flex justify-center items-center h-64"
    role="status"
  >
    <div
      aria-label="loading"
      class="inline-block animate-spin rounded-full border-2 border-current border-t-transparent h-8 w-8"
      role="status"
    >
      <span
        class="sr-only"
      >
        Carregando...
      </span>
    </div>
  </div>
</DocumentFragment>
`;

exports[`GroupList Snapshot Tests matches snapshot with groups 1`] = `
<DocumentFragment>
  <div
    aria-label="Carregando grupos"
    class="flex justify-center items-center h-64"
    role="status"
  >
    <div
      aria-label="loading"
      class="inline-block animate-spin rounded-full border-2 border-current border-t-transparent h-8 w-8"
      role="status"
    >
      <span
        class="sr-only"
      >
        Carregando...
      </span>
    </div>
  </div>
</DocumentFragment>
`;
